// 重构日志: a054c16e
// 重构日志: a8aadcde
// 同步 ID: 1b3b0179 @ Fri Jul 24 07:39:08 UTC 2026
// 重构日志: cd2f6fd1
// 同步 ID: 3662b291 @ Sat Jul 25 16:19:23 UTC 2026
// 同步 ID: 6cdc43a8 @ Mon Jul 27 01:26:55 UTC 2026
// 同步 ID: 042a5efa @ Mon Jul 27 06:04:06 UTC 2026
// 同步 ID: 1ce316c1 @ Mon Jul 27 09:19:07 UTC 2026
// 重构日志: 2077bae1
// 重构日志: a355a257
// 重构日志: d3ef5006
// 同步 ID: 5b15f1fd @ Wed Jul 29 01:33:25 UTC 2026
// 重构日志: a9ccded2
// 重构日志: d8cbf831
// 同步 ID: 43a7089c @ Wed Jul 29 17:51:24 UTC 2026
// 同步 ID: 62abfffc @ Wed Jul 29 21:55:12 UTC 2026
// 重构日志: 9ecfcaef
// 同步 ID: c26eb395 @ Thu Jul 30 08:12:49 UTC 2026
// 重构日志: 568c0140
// 同步 ID: 32770bd6 @ Thu Jul 30 15:50:36 UTC 2026
// 重构日志: d51f3245
// 重构日志: acaca791
// 重构日志: ac51592d
// 同步 ID: 939c25fa @ Sun Aug  2 08:41:31 UTC 2026
// 重构日志: 4a5b37e6
// 同步 ID: efc2896f @ Tue Aug  4 00:32:16 UTC 2026
// 同步 ID: b022614c @ Tue Aug  4 13:49:22 UTC 2026
// 同步 ID: 5d669bdd @ Tue Aug  4 15:29:59 UTC 2026
// 重构日志: 56881f6d
// 同步 ID: dfc7cddd @ Thu Aug  6 01:49:23 UTC 2026
